C51 COMPILER V9.52.0.0   1602                                                              02/01/2018 13:41:28 PAGE 1   


C51 COMPILER V9.52.0.0, COMPILATION OF MODULE 1602
OBJECT MODULE PLACED IN .\Objects\1602.obj
COMPILER INVOKED BY: D:\Keil_v5\C51\BIN\C51.EXE 1602.c OPTIMIZE(8,SPEED) BROWSE DEBUG OBJECTEXTEND PRINT(.\Listings\1602
                    -.lst) TABS(2) OBJECT(.\Objects\1602.obj)

line level    source

   1          #include "reg52.h"
   2          #include "1602.h"
   3          // - - - - - - - - - - - - - - - - - - - - - - - - - - - - - - - - - - - - - - - - - - - - - - - -
   4          // - - 初始化接口
   5          # define LCD_DB   P0  // - - P0   = DB0～DB7
   6          sbit     LCD_RS=P2^6; // - - p2.0 = RS
   7          sbit     LCD_RW=P2^5; // - - p2.1 = RW
   8          sbit     LCD_E=P2^7;  // - - p2.2 = E
   9          // - - - - - - - - - - - - - - - - - - - - - - - - - - - - - - - - - - - - - - - - - - - - - - - -
  10          // - - 定义函数
  11          
  12          // - - - - - - - - - - - - - - - - - - - - - - - - - - - - - - - - - - - - - - - - - - - - - - - -
  13          // - - 定义子程序函数
  14          
  15          // - - - - - - - - - - - - - - - - - - - - - - - - - - - - - - - - - - - - - - - - - - - - - - - -
  16          //void main()
  17          //{
  18          //  LCD_init();
  19          //  LCD_disp_char(8,3,'9');
  20          //  while(1);
  21          //}
  22          // - - 初始化LCD1602
  23          void LCD_init(void)
  24          {
  25   1      LCD_delay_10us(20);
  26   1      LCD_write_command(0x38); // - - 设置8位格式，2行，5x7
  27   1      LCD_delay_10us(5);
  28   1      LCD_write_command(0x0c); // - - 整体显示，关光标，不闪烁
  29   1      LCD_delay_10us(5);
  30   1      LCD_write_command(0x06); // - - 设定输入方式，增量不移位
  31   1      LCD_delay_10us(5);
  32   1      LCD_write_command(0x01); // - - 清除屏幕显示
  33   1      LCD_delay_50us(40);
  34   1      }
  35          //********************************
  36          
  37          // - - 向LCD1602写指令
  38          void LCD_write_command(uchar dat)
  39          {
  40   1      LCD_delay_10us(5);
  41   1      LCD_RS=0; // - - 指令
  42   1      LCD_RW=0; // - - 写入
  43   1      LCD_DB=dat;
  44   1      LCD_delay_10us(5);
  45   1      LCD_E=1; // - - 允许
  46   1      LCD_delay_10us(5);
  47   1      LCD_E=0;
  48   1      }
  49          
  50          // - - 向LCD1602写数据
  51          void LCD_write_data(uchar dat) 
  52          {
  53   1      LCD_delay_10us(5);
  54   1      LCD_RS=1;// - - 数据
C51 COMPILER V9.52.0.0   1602                                                              02/01/2018 13:41:28 PAGE 2   

  55   1      LCD_RW=0;// - - 写入
  56   1      LCD_DB=dat;
  57   1      LCD_delay_10us(5);
  58   1      LCD_E=1;// - - 允许
  59   1      LCD_delay_10us(5);
  60   1      LCD_E=0;
  61   1      }
  62          
  63          // - - 设置显示位置
  64          void LCD_set_xy(uchar x,uchar y)
  65          {
  66   1        uchar address;
  67   1        if(y==1)
  68   1        {
  69   2          address=0x80+x-1; // - - 第一行位置
  70   2        } else {
  71   2          address=0xc0+x-1; // - - 第二行位置
  72   2        }
  73   1          LCD_delay_10us(5);
  74   1          LCD_write_command(address);
  75   1      }
  76          
  77          // - - 显示一个字符函数
  78          void LCD_disp_char(uchar x,uchar y,uchar dat) // - - LCD_disp_char(0,1,0x38); // - - 显示8
  79          {
  80   1          LCD_set_xy(x,y);
  81   1          LCD_delay_10us(5);
  82   1          LCD_write_data(dat);
  83   1      }
  84          
  85          // - - 显示一个字符串函数
  86          void LCD_disp_string(uchar x,uchar y,uchar *s)
  87          {
  88   1        LCD_set_xy(x,y);
  89   1        LCD_delay_10us(5);
  90   1        while(*s!='\0')
  91   1        {
  92   2          LCD_write_data(*s);
  93   2          s++;
  94   2        }
  95   1      }
  96          
  97          //********************************
  98          /*******检查忙函数*************
  99          void LCD_check_busy() //实践证明，在我的LCD1602上，检查忙指令通过率极低，以
 100          {  //至于不能正常使用LCD。因此我没有再用检查忙函数。而使
 101            do   //用了延时的方法，延时还是非常好用的。我试了一下，用
 102            { LCD_E=0;   //for循环作延时，普通指令只要1次循就可完成。清屏指令
 103              LCD_RS=0;                 //要用200次循环便能完成。   
 104              LCD_RW=1;
 105              LCD_DB=0xff;
 106              LCD_E=1;
 107            }while(LCD_DB^7==1);
 108          ｝
 109          ******************************/
 110          
 111          void LCD_delay_10us(uint n) // - - 10微秒的延时子程序
 112          { 
 113   1        uint i,j;
 114   1        for(i=n;i>0;i--)
 115   1          for(j=2;j>0;j--);  
 116   1      } 
C51 COMPILER V9.52.0.0   1602                                                              02/01/2018 13:41:28 PAGE 3   

 117          
 118          void LCD_delay_50us(uint n) // - - 50微秒的延时子程序
 119          { 
 120   1        uint i,j;
 121   1        for(i=n;i>0;i--)
 122   1          for(j=22;j>0;j--);  
 123   1      } 


MODULE INFORMATION:   STATIC OVERLAYABLE
   CODE SIZE        =    227    ----
   CONSTANT SIZE    =   ----    ----
   XDATA SIZE       =   ----    ----
   PDATA SIZE       =   ----    ----
   DATA SIZE        =   ----       7
   IDATA SIZE       =   ----    ----
   BIT SIZE         =   ----    ----
END OF MODULE INFORMATION.


C51 COMPILATION COMPLETE.  0 WARNING(S),  0 ERROR(S)
